// Jest Snapshot v1, https://goo.gl/fbAQLP

exports[`renders correctly 1`] = `
<div
  className="confirm-container"
>
  <h2
    className="login-title"
  >
    Reset Password
  </h2>
  <form
    action="/api/user/reset/undefined"
    className="ResetPasswordForm"
    method="post"
  >
    <div
      className="form-group"
    >
      <input
        class="form-control"
        id="password"
        name="password"
        placeholder="Password"
        type="password"
      />
    </div>
    <div
      className="form-group"
    >
      <input
        class="form-control"
        id="password2"
        name="password2"
        placeholder="Confirm Password"
        type="password"
      />
    </div>
    <div
      className="row"
    >
      <div
        className="col-6 no-padding-left"
      >
        <button
          className="btn btn-default btn-block login-btn"
          type="submit"
        >
          Reset Password
        </button>
      </div>
    </div>
  </form>
</div>
`;
